[INFO] Scanning for projects...
[INFO] 
[INFO] ---------------------< org.example:pom-framework >----------------------
[INFO] Building pom-framework 1.0-SNAPSHOT
[INFO]   from pom.xml
[INFO] --------------------------------[ jar ]---------------------------------
[INFO] 
[INFO] --- clean:3.2.0:clean (default-clean) @ pom-framework ---
[INFO] Deleting C:\NAMCUOI\PROJECTTESTTUAN9\target
[INFO] 
[INFO] --- resources:3.3.1:resources (default-resources) @ pom-framework ---
[INFO] skip non existing resourceDirectory C:\NAMCUOI\PROJECTTESTTUAN9\src\main\resources
[INFO] 
[INFO] --- compiler:3.13.0:compile (default-compile) @ pom-framework ---
[INFO] Recompiling the module because of changed source code.
[INFO] Compiling 2 source files with javac [debug target 17] to target\classes
[INFO] 
[INFO] --- resources:3.3.1:testResources (default-testResources) @ pom-framework ---
[INFO] Copying 4 resources from src\test\resources to target\test-classes
[INFO] 
[INFO] --- compiler:3.13.0:testCompile (default-testCompile) @ pom-framework ---
[INFO] Recompiling the module because of changed dependency.
[INFO] Compiling 22 source files with javac [debug target 17] to target\test-classes
[INFO] -------------------------------------------------------------
[ERROR] COMPILATION ERROR : 
[INFO] -------------------------------------------------------------
[ERROR] /C:/NAMCUOI/PROJECTTESTTUAN9/src/test/java/bai1_base/base/BaseTest.java:[3,13] cannot find symbol
  symbol:   class ScreenshotUtil
  location: package utils
[ERROR] /C:/NAMCUOI/PROJECTTESTTUAN9/src/test/java/bai4_json_faker/tests/CheckoutTest.java:[4,29] cannot find symbol
  symbol:   class TestDataFactory
  location: package bai4_json_faker.utils
[ERROR] /C:/NAMCUOI/PROJECTTESTTUAN9/src/test/java/tests/CartTest.java:[3,22] package framework.base does not exist
[ERROR] /C:/NAMCUOI/PROJECTTESTTUAN9/src/test/java/tests/CartTest.java:[4,23] package framework.pages does not exist
[ERROR] /C:/NAMCUOI/PROJECTTESTTUAN9/src/test/java/tests/CartTest.java:[5,23] package framework.pages does not exist
[ERROR] /C:/NAMCUOI/PROJECTTESTTUAN9/src/test/java/tests/CartTest.java:[6,23] package framework.pages does not exist
[ERROR] /C:/NAMCUOI/PROJECTTESTTUAN9/src/test/java/tests/CartTest.java:[12,31] cannot find symbol
  symbol: class BaseTest
[ERROR] /C:/NAMCUOI/PROJECTTESTTUAN9/src/test/java/tests/DemoTest.java:[3,22] package framework.base does not exist
[ERROR] /C:/NAMCUOI/PROJECTTESTTUAN9/src/test/java/tests/DemoTest.java:[7,31] cannot find symbol
  symbol: class BaseTest
[ERROR] /C:/NAMCUOI/PROJECTTESTTUAN9/src/test/java/tests/LoginTest.java:[3,22] package framework.base does not exist
[ERROR] /C:/NAMCUOI/PROJECTTESTTUAN9/src/test/java/tests/LoginTest.java:[4,23] package framework.pages does not exist
[ERROR] /C:/NAMCUOI/PROJECTTESTTUAN9/src/test/java/tests/LoginTest.java:[5,23] package framework.pages does not exist
[ERROR] /C:/NAMCUOI/PROJECTTESTTUAN9/src/test/java/tests/LoginTest.java:[9,32] cannot find symbol
  symbol: class BaseTest
[ERROR] /C:/NAMCUOI/PROJECTTESTTUAN9/src/test/java/tests/dataproviders/LoginDataProvider.java:[3,23] cannot find symbol
  symbol:   class ExcelReader
  location: package framework.utils
[ERROR] /C:/NAMCUOI/PROJECTTESTTUAN9/src/test/java/bai1_base/base/BaseTest.java:[51,13] cannot find symbol
  symbol:   variable ScreenshotUtil
  location: class bai1_base.base.BaseTest
[ERROR] /C:/NAMCUOI/PROJECTTESTTUAN9/src/test/java/bai4_json_faker/tests/CheckoutTest.java:[13,44] cannot find symbol
  symbol:   variable TestDataFactory
  location: class bai4_json_faker.tests.CheckoutTest
[ERROR] /C:/NAMCUOI/PROJECTTESTTUAN9/src/test/java/bai6_retry/utils/RetryAnalyzer.java:[11,24] cannot find symbol
  symbol:   variable ConfigReader
  location: class bai6_retry.utils.RetryAnalyzer
[ERROR] /C:/NAMCUOI/PROJECTTESTTUAN9/src/test/java/tests/CartTest.java:[17,9] cannot find symbol
  symbol:   class LoginPage
  location: class tests.CartTest
[ERROR] /C:/NAMCUOI/PROJECTTESTTUAN9/src/test/java/tests/CartTest.java:[17,35] cannot find symbol
  symbol:   class LoginPage
  location: class tests.CartTest
[ERROR] /C:/NAMCUOI/PROJECTTESTTUAN9/src/test/java/tests/CartTest.java:[17,45] cannot find symbol
  symbol:   method getDriver()
  location: class tests.CartTest
[ERROR] /C:/NAMCUOI/PROJECTTESTTUAN9/src/test/java/tests/CartTest.java:[28,9] cannot find symbol
  symbol:   class LoginPage
  location: class tests.CartTest
[ERROR] /C:/NAMCUOI/PROJECTTESTTUAN9/src/test/java/tests/CartTest.java:[28,35] cannot find symbol
  symbol:   class LoginPage
  location: class tests.CartTest
[ERROR] /C:/NAMCUOI/PROJECTTESTTUAN9/src/test/java/tests/CartTest.java:[28,45] cannot find symbol
  symbol:   method getDriver()
  location: class tests.CartTest
[ERROR] /C:/NAMCUOI/PROJECTTESTTUAN9/src/test/java/tests/CartTest.java:[29,9] cannot find symbol
  symbol:   class CartPage
  location: class tests.CartTest
[ERROR] /C:/NAMCUOI/PROJECTTESTTUAN9/src/test/java/tests/CartTest.java:[40,9] cannot find symbol
  symbol:   class LoginPage
  location: class tests.CartTest
[ERROR] /C:/NAMCUOI/PROJECTTESTTUAN9/src/test/java/tests/CartTest.java:[40,35] cannot find symbol
  symbol:   class LoginPage
  location: class tests.CartTest
[ERROR] /C:/NAMCUOI/PROJECTTESTTUAN9/src/test/java/tests/CartTest.java:[40,45] cannot find symbol
  symbol:   method getDriver()
  location: class tests.CartTest
[ERROR] /C:/NAMCUOI/PROJECTTESTTUAN9/src/test/java/tests/CartTest.java:[41,9] cannot find symbol
  symbol:   class InventoryPage
  location: class tests.CartTest
[ERROR] /C:/NAMCUOI/PROJECTTESTTUAN9/src/test/java/tests/LoginTest.java:[14,9] cannot find symbol
  symbol:   class LoginPage
  location: class tests.LoginTest
[ERROR] /C:/NAMCUOI/PROJECTTESTTUAN9/src/test/java/tests/LoginTest.java:[14,35] cannot find symbol
  symbol:   class LoginPage
  location: class tests.LoginTest
[ERROR] /C:/NAMCUOI/PROJECTTESTTUAN9/src/test/java/tests/LoginTest.java:[14,45] cannot find symbol
  symbol:   method getDriver()
  location: class tests.LoginTest
[ERROR] /C:/NAMCUOI/PROJECTTESTTUAN9/src/test/java/tests/LoginTest.java:[15,9] cannot find symbol
  symbol:   class InventoryPage
  location: class tests.LoginTest
[ERROR] /C:/NAMCUOI/PROJECTTESTTUAN9/src/test/java/tests/LoginTest.java:[23,9] cannot find symbol
  symbol:   class LoginPage
  location: class tests.LoginTest
[ERROR] /C:/NAMCUOI/PROJECTTESTTUAN9/src/test/java/tests/LoginTest.java:[23,35] cannot find symbol
  symbol:   class LoginPage
  location: class tests.LoginTest
[ERROR] /C:/NAMCUOI/PROJECTTESTTUAN9/src/test/java/tests/LoginTest.java:[23,45] cannot find symbol
  symbol:   method getDriver()
  location: class tests.LoginTest
[ERROR] /C:/NAMCUOI/PROJECTTESTTUAN9/src/test/java/tests/LoginTest.java:[33,9] cannot find symbol
  symbol:   class LoginPage
  location: class tests.LoginTest
[ERROR] /C:/NAMCUOI/PROJECTTESTTUAN9/src/test/java/tests/LoginTest.java:[33,35] cannot find symbol
  symbol:   class LoginPage
  location: class tests.LoginTest
[ERROR] /C:/NAMCUOI/PROJECTTESTTUAN9/src/test/java/tests/LoginTest.java:[33,45] cannot find symbol
  symbol:   method getDriver()
  location: class tests.LoginTest
[ERROR] /C:/NAMCUOI/PROJECTTESTTUAN9/src/test/java/tests/dataproviders/LoginDataProvider.java:[12,16] cannot find symbol
  symbol:   variable ExcelReader
  location: class tests.dataproviders.LoginDataProvider
[ERROR] /C:/NAMCUOI/PROJECTTESTTUAN9/src/test/java/tests/dataproviders/LoginDataProvider.java:[17,16] cannot find symbol
  symbol:   variable ExcelReader
  location: class tests.dataproviders.LoginDataProvider
[ERROR] /C:/NAMCUOI/PROJECTTESTTUAN9/src/test/java/tests/dataproviders/LoginDataProvider.java:[22,16] cannot find symbol
  symbol:   variable ExcelReader
  location: class tests.dataproviders.LoginDataProvider
[INFO] 41 errors 
[INFO] -------------------------------------------------------------
[INFO] ------------------------------------------------------------------------
[INFO] BUILD FAILURE
[INFO] ------------------------------------------------------------------------
[INFO] Total time:  2.312 s
[INFO] Finished at: 2026-03-17T14:23:42+07:00
[INFO] ------------------------------------------------------------------------
[ERROR] Failed to execute goal org.apache.maven.plugins:maven-compiler-plugin:3.13.0:testCompile (default-testCompile) on project pom-framework: Compilation failure: Compilation failure: 
[ERROR] /C:/NAMCUOI/PROJECTTESTTUAN9/src/test/java/bai1_base/base/BaseTest.java:[3,13] cannot find symbol
[ERROR]   symbol:   class ScreenshotUtil
[ERROR]   location: package utils
[ERROR] /C:/NAMCUOI/PROJECTTESTTUAN9/src/test/java/bai4_json_faker/tests/CheckoutTest.java:[4,29] cannot find symbol
[ERROR]   symbol:   class TestDataFactory
[ERROR]   location: package bai4_json_faker.utils
[ERROR] /C:/NAMCUOI/PROJECTTESTTUAN9/src/test/java/tests/CartTest.java:[3,22] package framework.base does not exist
[ERROR] /C:/NAMCUOI/PROJECTTESTTUAN9/src/test/java/tests/CartTest.java:[4,23] package framework.pages does not exist
[ERROR] /C:/NAMCUOI/PROJECTTESTTUAN9/src/test/java/tests/CartTest.java:[5,23] package framework.pages does not exist
[ERROR] /C:/NAMCUOI/PROJECTTESTTUAN9/src/test/java/tests/CartTest.java:[6,23] package framework.pages does not exist
[ERROR] /C:/NAMCUOI/PROJECTTESTTUAN9/src/test/java/tests/CartTest.java:[12,31] cannot find symbol
[ERROR]   symbol: class BaseTest
[ERROR] /C:/NAMCUOI/PROJECTTESTTUAN9/src/test/java/tests/DemoTest.java:[3,22] package framework.base does not exist
[ERROR] /C:/NAMCUOI/PROJECTTESTTUAN9/src/test/java/tests/DemoTest.java:[7,31] cannot find symbol
[ERROR]   symbol: class BaseTest
[ERROR] /C:/NAMCUOI/PROJECTTESTTUAN9/src/test/java/tests/LoginTest.java:[3,22] package framework.base does not exist
[ERROR] /C:/NAMCUOI/PROJECTTESTTUAN9/src/test/java/tests/LoginTest.java:[4,23] package framework.pages does not exist
[ERROR] /C:/NAMCUOI/PROJECTTESTTUAN9/src/test/java/tests/LoginTest.java:[5,23] package framework.pages does not exist
[ERROR] /C:/NAMCUOI/PROJECTTESTTUAN9/src/test/java/tests/LoginTest.java:[9,32] cannot find symbol
[ERROR]   symbol: class BaseTest
[ERROR] /C:/NAMCUOI/PROJECTTESTTUAN9/src/test/java/tests/dataproviders/LoginDataProvider.java:[3,23] cannot find symbol
[ERROR]   symbol:   class ExcelReader
[ERROR]   location: package framework.utils
[ERROR] /C:/NAMCUOI/PROJECTTESTTUAN9/src/test/java/bai1_base/base/BaseTest.java:[51,13] cannot find symbol
[ERROR]   symbol:   variable ScreenshotUtil
[ERROR]   location: class bai1_base.base.BaseTest
[ERROR] /C:/NAMCUOI/PROJECTTESTTUAN9/src/test/java/bai4_json_faker/tests/CheckoutTest.java:[13,44] cannot find symbol
[ERROR]   symbol:   variable TestDataFactory
[ERROR]   location: class bai4_json_faker.tests.CheckoutTest
[ERROR] /C:/NAMCUOI/PROJECTTESTTUAN9/src/test/java/bai6_retry/utils/RetryAnalyzer.java:[11,24] cannot find symbol
[ERROR]   symbol:   variable ConfigReader
[ERROR]   location: class bai6_retry.utils.RetryAnalyzer
[ERROR] /C:/NAMCUOI/PROJECTTESTTUAN9/src/test/java/tests/CartTest.java:[17,9] cannot find symbol
[ERROR]   symbol:   class LoginPage
[ERROR]   location: class tests.CartTest
[ERROR] /C:/NAMCUOI/PROJECTTESTTUAN9/src/test/java/tests/CartTest.java:[17,35] cannot find symbol
[ERROR]   symbol:   class LoginPage
[ERROR]   location: class tests.CartTest
[ERROR] /C:/NAMCUOI/PROJECTTESTTUAN9/src/test/java/tests/CartTest.java:[17,45] cannot find symbol
[ERROR]   symbol:   method getDriver()
[ERROR]   location: class tests.CartTest
[ERROR] /C:/NAMCUOI/PROJECTTESTTUAN9/src/test/java/tests/CartTest.java:[28,9] cannot find symbol
[ERROR]   symbol:   class LoginPage
[ERROR]   location: class tests.CartTest
[ERROR] /C:/NAMCUOI/PROJECTTESTTUAN9/src/test/java/tests/CartTest.java:[28,35] cannot find symbol
[ERROR]   symbol:   class LoginPage
[ERROR]   location: class tests.CartTest
[ERROR] /C:/NAMCUOI/PROJECTTESTTUAN9/src/test/java/tests/CartTest.java:[28,45] cannot find symbol
[ERROR]   symbol:   method getDriver()
[ERROR]   location: class tests.CartTest
[ERROR] /C:/NAMCUOI/PROJECTTESTTUAN9/src/test/java/tests/CartTest.java:[29,9] cannot find symbol
[ERROR]   symbol:   class CartPage
[ERROR]   location: class tests.CartTest
[ERROR] /C:/NAMCUOI/PROJECTTESTTUAN9/src/test/java/tests/CartTest.java:[40,9] cannot find symbol
[ERROR]   symbol:   class LoginPage
[ERROR]   location: class tests.CartTest
[ERROR] /C:/NAMCUOI/PROJECTTESTTUAN9/src/test/java/tests/CartTest.java:[40,35] cannot find symbol
[ERROR]   symbol:   class LoginPage
[ERROR]   location: class tests.CartTest
[ERROR] /C:/NAMCUOI/PROJECTTESTTUAN9/src/test/java/tests/CartTest.java:[40,45] cannot find symbol
[ERROR]   symbol:   method getDriver()
[ERROR]   location: class tests.CartTest
[ERROR] /C:/NAMCUOI/PROJECTTESTTUAN9/src/test/java/tests/CartTest.java:[41,9] cannot find symbol
[ERROR]   symbol:   class InventoryPage
[ERROR]   location: class tests.CartTest
[ERROR] /C:/NAMCUOI/PROJECTTESTTUAN9/src/test/java/tests/LoginTest.java:[14,9] cannot find symbol
[ERROR]   symbol:   class LoginPage
[ERROR]   location: class tests.LoginTest
[ERROR] /C:/NAMCUOI/PROJECTTESTTUAN9/src/test/java/tests/LoginTest.java:[14,35] cannot find symbol
[ERROR]   symbol:   class LoginPage
[ERROR]   location: class tests.LoginTest
[ERROR] /C:/NAMCUOI/PROJECTTESTTUAN9/src/test/java/tests/LoginTest.java:[14,45] cannot find symbol
[ERROR]   symbol:   method getDriver()
[ERROR]   location: class tests.LoginTest
[ERROR] /C:/NAMCUOI/PROJECTTESTTUAN9/src/test/java/tests/LoginTest.java:[15,9] cannot find symbol
[ERROR]   symbol:   class InventoryPage
[ERROR]   location: class tests.LoginTest
[ERROR] /C:/NAMCUOI/PROJECTTESTTUAN9/src/test/java/tests/LoginTest.java:[23,9] cannot find symbol
[ERROR]   symbol:   class LoginPage
[ERROR]   location: class tests.LoginTest
[ERROR] /C:/NAMCUOI/PROJECTTESTTUAN9/src/test/java/tests/LoginTest.java:[23,35] cannot find symbol
[ERROR]   symbol:   class LoginPage
[ERROR]   location: class tests.LoginTest
[ERROR] /C:/NAMCUOI/PROJECTTESTTUAN9/src/test/java/tests/LoginTest.java:[23,45] cannot find symbol
[ERROR]   symbol:   method getDriver()
[ERROR]   location: class tests.LoginTest
[ERROR] /C:/NAMCUOI/PROJECTTESTTUAN9/src/test/java/tests/LoginTest.java:[33,9] cannot find symbol
[ERROR]   symbol:   class LoginPage
[ERROR]   location: class tests.LoginTest
[ERROR] /C:/NAMCUOI/PROJECTTESTTUAN9/src/test/java/tests/LoginTest.java:[33,35] cannot find symbol
[ERROR]   symbol:   class LoginPage
[ERROR]   location: class tests.LoginTest
[ERROR] /C:/NAMCUOI/PROJECTTESTTUAN9/src/test/java/tests/LoginTest.java:[33,45] cannot find symbol
[ERROR]   symbol:   method getDriver()
[ERROR]   location: class tests.LoginTest
[ERROR] /C:/NAMCUOI/PROJECTTESTTUAN9/src/test/java/tests/dataproviders/LoginDataProvider.java:[12,16] cannot find symbol
[ERROR]   symbol:   variable ExcelReader
[ERROR]   location: class tests.dataproviders.LoginDataProvider
[ERROR] /C:/NAMCUOI/PROJECTTESTTUAN9/src/test/java/tests/dataproviders/LoginDataProvider.java:[17,16] cannot find symbol
[ERROR]   symbol:   variable ExcelReader
[ERROR]   location: class tests.dataproviders.LoginDataProvider
[ERROR] /C:/NAMCUOI/PROJECTTESTTUAN9/src/test/java/tests/dataproviders/LoginDataProvider.java:[22,16] cannot find symbol
[ERROR]   symbol:   variable ExcelReader
[ERROR]   location: class tests.dataproviders.LoginDataProvider
[ERROR] -> [Help 1]
[ERROR] 
[ERROR] To see the full stack trace of the errors, re-run Maven with the -e switch.
[ERROR] Re-run Maven using the -X switch to enable full debug logging.
[ERROR] 
[ERROR] For more information about the errors and possible solutions, please read the following articles:
[ERROR] [Help 1] http://cwiki.apache.org/confluence/display/MAVEN/MojoFailureException
